warning: unknown lint: `macro_extended_temporary_scopes`
  --> $DIR/non-extended.rs:3:9
   |
LL | #![deny(macro_extended_temporary_scopes)]
   |         ^^^^^^^^^^^^^^^^^^^^^^^^^^^^^^^
   |
   = note: `#[warn(unknown_lints)]` on by default

error[E0716]: temporary value dropped while borrowed
  --> $DIR/non-extended.rs:9:25
   |
LL |     println!("{:?}", { &temp() });
   |                      ---^^^^^---
   |                      |  |    |
   |                      |  |    temporary value is freed at the end of this statement
   |                      |  creates a temporary value which is freed while still in use
   |                      borrow later used here
   |
   = note: consider using a `let` binding to create a longer lived value

error[E0716]: temporary value dropped while borrowed
  --> $DIR/non-extended.rs:13:56
   |
LL |     println!("{:?}{:?}", (), { std::convert::identity(&temp()) });
   |                              --------------------------^^^^^^---
   |                              |                         |     |
   |                              |                         |     temporary value is freed at the end of this statement
   |                              |                         creates a temporary value which is freed while still in use
   |                              borrow later used here
   |
   = note: consider using a `let` binding to create a longer lived value

error: aborting due to 2 previous errors; 1 warning emitted

For more information about this error, try `rustc --explain E0716`.
